../Core/Src/main.c:227:6:HAL_UART_RxCpltCallback	16	static
../Core/Src/main.c:256:10:get_adc_value_and_celsius_temperature	8	static
../Core/Src/main.c:271:6:store_temp_in_string	32	static
../Core/Src/main.c:299:6:system_state_update	8	static
../Core/Src/main.c:348:6:en_measurement_update	4	static
../Core/Src/main.c:391:6:sp_measurement_update	8	static
../Core/Src/main.c:444:6:HAL_TIM_IC_CaptureCallback	16	static
../Core/Src/main.c:471:6:flash_led_d3	8	static
../Core/Src/main.c:489:6:flash_led_d2	8	static
../Core/Src/main.c:504:6:store_system_state_in_buffer	32	static
../Core/Src/main.c:585:6:ADC_Select_CH0	24	static
../Core/Src/main.c:599:6:ADC_Select_CH14	24	static
../Core/Src/main.c:615:6:ADC_Select_CH9	24	static
../Core/Src/main.c:629:6:ADC_Select_CH15	24	static
../Core/Src/main.c:648:10:get_adc_value_conver_to_lux	8	static
../Core/Src/main.c:672:6:en_measurements_and_responses	16	static
../Core/Src/main.c:735:6:sp_measurements_and_responses	24	static
../Core/Src/main.c:841:10:get_pv_panel_adc1_input	8	static
../Core/Src/main.c:867:10:get_pv_panel_adc2_input	8	static
../Core/Src/main.c:891:6:lcd_Mode_1	16	static
../Core/Src/main.c:909:6:lcd_Mode_2	16	static
../Core/Src/main.c:926:6:lcd_Mode_3	16	static
../Core/Src/main.c:951:6:change_lcd_display_mode	16	static
../Core/Src/main.c:1041:6:change_between_dispplay_modes	8	static
../Core/Src/main.c:1074:6:lcd_display_mode_change_on_button_press	4	static
../Core/Src/main.c:1127:6:RTC_date_and_time_update	24	static
../Core/Src/main.c:1420:6:g_clock_menu_set_and_parameter_update	8	static
../Core/Src/main.c:1453:6:set_RTC_date_and_time	8	static
../Core/Src/main.c:1463:5:main	56	static
../Core/Src/main.c:1538:6:SystemClock_Config	88	static
../Core/Src/main.c:1586:13:MX_ADC1_Init	24	static
../Core/Src/main.c:1665:13:MX_RTC_Init	32	static
../Core/Src/main.c:1728:13:MX_TIM2_Init	48	static
../Core/Src/main.c:1786:13:MX_TIM3_Init	32	static
../Core/Src/main.c:1831:13:MX_USART2_UART_Init	8	static
../Core/Src/main.c:1864:13:MX_GPIO_Init	48	static
../Core/Src/main.c:1936:6:Error_Handler	4	static,ignoring_inline_asm
