../Core/Src/main.c:161:6:HAL_UART_RxCpltCallback	16	static
../Core/Src/main.c:190:10:get_adc_value_and_celsius_temperature	8	static
../Core/Src/main.c:205:6:store_temp_in_string	32	static
../Core/Src/main.c:232:6:system_state_update	8	static
../Core/Src/main.c:335:6:HAL_TIM_IC_CaptureCallback	16	static
../Core/Src/main.c:362:6:flash_led_d3	8	static
../Core/Src/main.c:380:6:flash_led_d2	8	static
../Core/Src/main.c:395:6:store_system_state_in_buffer	32	static
../Core/Src/main.c:468:6:ADC_Select_CH0	24	static
../Core/Src/main.c:482:6:ADC_Select_CH14	24	static
../Core/Src/main.c:498:6:ADC_Select_CH9	24	static
../Core/Src/main.c:512:6:ADC_Select_CH15	24	static
../Core/Src/main.c:529:10:get_adc_value_conver_to_lux	8	static
../Core/Src/main.c:548:6:en_measurements_and_responses	16	static
../Core/Src/main.c:614:10:get_pv_panel_adc1_input	8	static
../Core/Src/main.c:628:10:get_pv_panel_adc2_input	8	static
../Core/Src/main.c:646:5:main	56	static
../Core/Src/main.c:743:6:SystemClock_Config	88	static
../Core/Src/main.c:790:13:MX_ADC1_Init	8	static
../Core/Src/main.c:869:13:MX_TIM2_Init	48	static
../Core/Src/main.c:927:13:MX_TIM3_Init	32	static
../Core/Src/main.c:972:13:MX_USART2_UART_Init	8	static
../Core/Src/main.c:1005:13:MX_GPIO_Init	48	static
../Core/Src/main.c:1077:6:Error_Handler	4	static,ignoring_inline_asm
