../Core/Src/main.c:91:6:HAL_UART_RxCpltCallback	16	static
../Core/Src/main.c:115:10:get_adc_value_and_celsius_temperature	8	static
../Core/Src/main.c:127:6:store_temp_in_string	32	static
../Core/Src/main.c:150:6:system_state_update	4	static
../Core/Src/main.c:167:5:main	8	static
../Core/Src/main.c:251:6:SystemClock_Config	88	static
../Core/Src/main.c:298:13:MX_ADC1_Init	24	static
../Core/Src/main.c:350:13:MX_USART2_UART_Init	8	static
../Core/Src/main.c:383:13:MX_GPIO_Init	48	static
../Core/Src/main.c:448:6:Error_Handler	4	static,ignoring_inline_asm
