../Core/Src/main.c:93:6:HAL_UART_RxCpltCallback	16	static
../Core/Src/main.c:117:10:get_adc_value_and_celsius_temperature	8	static
../Core/Src/main.c:129:6:store_temp_in_string	32	static
../Core/Src/main.c:156:6:system_state_update	4	static
../Core/Src/main.c:190:5:main	16	static
../Core/Src/main.c:345:6:SystemClock_Config	88	static
../Core/Src/main.c:392:13:MX_ADC1_Init	24	static
../Core/Src/main.c:444:13:MX_USART2_UART_Init	8	static
../Core/Src/main.c:477:13:MX_GPIO_Init	48	static
../Core/Src/main.c:542:6:Error_Handler	4	static,ignoring_inline_asm
