../Core/Src/main.c:122:6:HAL_UART_RxCpltCallback	16	static
../Core/Src/main.c:151:10:get_adc_value_and_celsius_temperature	8	static
../Core/Src/main.c:163:6:store_temp_in_string	32	static
../Core/Src/main.c:190:6:system_state_update	8	static
../Core/Src/main.c:293:6:HAL_TIM_IC_CaptureCallback	16	static
../Core/Src/main.c:320:6:flash_led_d3	8	static
../Core/Src/main.c:338:6:flash_led_d2	8	static
../Core/Src/main.c:353:6:store_system_state_in_buffer	32	static
../Core/Src/main.c:430:5:main	112	static
../Core/Src/main.c:568:6:SystemClock_Config	88	static
../Core/Src/main.c:615:13:MX_ADC1_Init	24	static
../Core/Src/main.c:667:13:MX_TIM2_Init	48	static
../Core/Src/main.c:725:13:MX_TIM3_Init	32	static
../Core/Src/main.c:770:13:MX_USART2_UART_Init	8	static
../Core/Src/main.c:803:13:MX_GPIO_Init	48	static
../Core/Src/main.c:875:6:Error_Handler	4	static,ignoring_inline_asm
