../Core/Src/main.c:106:6:HAL_UART_RxCpltCallback	16	static
../Core/Src/main.c:129:10:get_adc_value_and_celsius_temperature	8	static
../Core/Src/main.c:141:6:store_temp_in_string	32	static
../Core/Src/main.c:168:6:system_state_update	4	static
../Core/Src/main.c:205:6:HAL_TIM_IC_CaptureCallback	16	static
../Core/Src/main.c:236:5:main	16	static
../Core/Src/main.c:402:6:SystemClock_Config	88	static
../Core/Src/main.c:449:13:MX_ADC1_Init	24	static
../Core/Src/main.c:501:13:MX_TIM2_Init	48	static
../Core/Src/main.c:559:13:MX_TIM3_Init	32	static
../Core/Src/main.c:604:13:MX_USART2_UART_Init	8	static
../Core/Src/main.c:637:13:MX_GPIO_Init	48	static
../Core/Src/main.c:702:6:Error_Handler	4	static,ignoring_inline_asm
