../Core/Src/main.c:246:6:HAL_UART_RxCpltCallback	16	static
../Core/Src/main.c:275:10:get_adc_value_and_celsius_temperature	8	static
../Core/Src/main.c:290:6:store_temp_in_string	32	static
../Core/Src/main.c:318:6:system_state_update	8	static
../Core/Src/main.c:384:6:ca_measurements_update	4	static
../Core/Src/main.c:436:6:en_measurement_update	4	static
../Core/Src/main.c:479:6:sp_measurement_update	8	static
../Core/Src/main.c:532:6:HAL_TIM_IC_CaptureCallback	16	static
../Core/Src/main.c:559:6:flash_led_d3	8	static
../Core/Src/main.c:577:6:flash_led_d2	8	static
../Core/Src/main.c:597:6:flash_led_d4	8	static
../Core/Src/main.c:617:6:store_system_state_in_buffer	32	static
../Core/Src/main.c:698:6:ADC_Select_CH0	24	static
../Core/Src/main.c:712:6:ADC_Select_CH14	24	static
../Core/Src/main.c:728:6:ADC_Select_CH9	24	static
../Core/Src/main.c:742:6:ADC_Select_CH15	24	static
../Core/Src/main.c:761:10:get_adc_value_conver_to_lux	8	static
../Core/Src/main.c:785:6:en_measurements_and_responses	16	static
../Core/Src/main.c:848:6:sp_measurements_and_responses	48	static
../Core/Src/main.c:961:6:ca_measurements_and_responses	16	static
../Core/Src/main.c:1023:10:get_pv_panel_adc1_input	8	static
../Core/Src/main.c:1049:10:get_pv_panel_adc2_input	8	static
../Core/Src/main.c:1073:6:lcd_Mode_1	32	static
../Core/Src/main.c:1091:6:lcd_Mode_2	16	static
../Core/Src/main.c:1108:6:lcd_Mode_3	16	static
../Core/Src/main.c:1133:6:change_lcd_display_mode	32	static
../Core/Src/main.c:1223:6:change_between_dispplay_modes	8	static
../Core/Src/main.c:1248:6:lcd_display_mode_change_on_button_press	4	static
../Core/Src/main.c:1301:6:RTC_date_and_time_update	24	static
../Core/Src/main.c:1594:6:g_clock_menu_set_and_parameter_update	8	static
../Core/Src/main.c:1627:6:set_RTC_date_and_time	8	static
../Core/Src/main.c:1632:10:get_calibrated_power	32	static
../Core/Src/main.c:1650:5:main	56	static
../Core/Src/main.c:1730:6:SystemClock_Config	88	static
../Core/Src/main.c:1778:13:MX_ADC1_Init	24	static
../Core/Src/main.c:1857:13:MX_RTC_Init	32	static
../Core/Src/main.c:1920:13:MX_TIM2_Init	48	static
../Core/Src/main.c:1978:13:MX_TIM3_Init	32	static
../Core/Src/main.c:2023:13:MX_USART2_UART_Init	8	static
../Core/Src/main.c:2056:13:MX_GPIO_Init	48	static
../Core/Src/main.c:2128:6:Error_Handler	4	static,ignoring_inline_asm
