../Core/Src/main.c:109:6:HAL_UART_RxCpltCallback	16	static
../Core/Src/main.c:138:10:get_adc_value_and_celsius_temperature	8	static
../Core/Src/main.c:150:6:store_temp_in_string	32	static
../Core/Src/main.c:177:6:system_state_update	4	static
../Core/Src/main.c:218:6:HAL_TIM_IC_CaptureCallback	16	static
../Core/Src/main.c:245:6:flash_led_d3	8	static
../Core/Src/main.c:261:6:store_system_state_in_buffer	32	static
../Core/Src/main.c:338:5:main	8	static
../Core/Src/main.c:429:6:SystemClock_Config	88	static
../Core/Src/main.c:476:13:MX_ADC1_Init	24	static
../Core/Src/main.c:528:13:MX_TIM2_Init	48	static
../Core/Src/main.c:586:13:MX_TIM3_Init	32	static
../Core/Src/main.c:631:13:MX_USART2_UART_Init	8	static
../Core/Src/main.c:664:13:MX_GPIO_Init	48	static
../Core/Src/main.c:729:6:Error_Handler	4	static,ignoring_inline_asm
