../Core/Src/main.c:244:6:HAL_UART_RxCpltCallback	16	static
../Core/Src/main.c:273:10:get_adc_value_and_celsius_temperature	8	static
../Core/Src/main.c:288:6:store_temp_in_string	32	static
../Core/Src/main.c:316:6:system_state_update	8	static
../Core/Src/main.c:382:6:ca_measurements_update	4	static
../Core/Src/main.c:434:6:en_measurement_update	4	static
../Core/Src/main.c:477:6:sp_measurement_update	8	static
../Core/Src/main.c:530:6:HAL_TIM_IC_CaptureCallback	16	static
../Core/Src/main.c:557:6:flash_led_d3	8	static
../Core/Src/main.c:575:6:flash_led_d2	8	static
../Core/Src/main.c:595:6:flash_led_d4	8	static
../Core/Src/main.c:615:6:store_system_state_in_buffer	32	static
../Core/Src/main.c:696:6:ADC_Select_CH0	24	static
../Core/Src/main.c:710:6:ADC_Select_CH14	24	static
../Core/Src/main.c:726:6:ADC_Select_CH9	24	static
../Core/Src/main.c:740:6:ADC_Select_CH15	24	static
../Core/Src/main.c:759:10:get_adc_value_conver_to_lux	8	static
../Core/Src/main.c:783:6:en_measurements_and_responses	16	static
../Core/Src/main.c:846:6:sp_measurements_and_responses	24	static
../Core/Src/main.c:965:6:ca_measurements_and_responses	16	static
../Core/Src/main.c:1027:10:get_pv_panel_adc1_input	8	static
../Core/Src/main.c:1053:10:get_pv_panel_adc2_input	8	static
../Core/Src/main.c:1077:6:lcd_Mode_1	16	static
../Core/Src/main.c:1095:6:lcd_Mode_2	16	static
../Core/Src/main.c:1112:6:lcd_Mode_3	16	static
../Core/Src/main.c:1137:6:change_lcd_display_mode	16	static
../Core/Src/main.c:1227:6:change_between_dispplay_modes	8	static
../Core/Src/main.c:1252:6:lcd_display_mode_change_on_button_press	4	static
../Core/Src/main.c:1305:6:RTC_date_and_time_update	24	static
../Core/Src/main.c:1598:6:g_clock_menu_set_and_parameter_update	8	static
../Core/Src/main.c:1631:6:set_RTC_date_and_time	8	static
../Core/Src/main.c:1636:10:get_calibrated_power	32	static
../Core/Src/main.c:1654:5:main	56	static
../Core/Src/main.c:1734:6:SystemClock_Config	88	static
../Core/Src/main.c:1782:13:MX_ADC1_Init	24	static
../Core/Src/main.c:1861:13:MX_RTC_Init	32	static
../Core/Src/main.c:1924:13:MX_TIM2_Init	48	static
../Core/Src/main.c:1982:13:MX_TIM3_Init	32	static
../Core/Src/main.c:2027:13:MX_USART2_UART_Init	8	static
../Core/Src/main.c:2060:13:MX_GPIO_Init	48	static
../Core/Src/main.c:2132:6:Error_Handler	4	static,ignoring_inline_asm
