../Core/Src/main.c:226:6:HAL_UART_RxCpltCallback	16	static
../Core/Src/main.c:255:10:get_adc_value_and_celsius_temperature	8	static
../Core/Src/main.c:270:6:store_temp_in_string	32	static
../Core/Src/main.c:298:6:system_state_update	8	static
../Core/Src/main.c:347:6:en_measurement_update	4	static
../Core/Src/main.c:390:6:sp_measurement_update	8	static
../Core/Src/main.c:443:6:HAL_TIM_IC_CaptureCallback	16	static
../Core/Src/main.c:470:6:flash_led_d3	8	static
../Core/Src/main.c:488:6:flash_led_d2	8	static
../Core/Src/main.c:503:6:store_system_state_in_buffer	32	static
../Core/Src/main.c:584:6:ADC_Select_CH0	24	static
../Core/Src/main.c:598:6:ADC_Select_CH14	24	static
../Core/Src/main.c:614:6:ADC_Select_CH9	24	static
../Core/Src/main.c:628:6:ADC_Select_CH15	24	static
../Core/Src/main.c:647:10:get_adc_value_conver_to_lux	8	static
../Core/Src/main.c:671:6:en_measurements_and_responses	16	static
../Core/Src/main.c:734:6:sp_measurements_and_responses	24	static
../Core/Src/main.c:840:10:get_pv_panel_adc1_input	8	static
../Core/Src/main.c:866:10:get_pv_panel_adc2_input	8	static
../Core/Src/main.c:890:6:lcd_Mode_1	16	static
../Core/Src/main.c:908:6:lcd_Mode_2	16	static
../Core/Src/main.c:925:6:lcd_Mode_3	16	static
../Core/Src/main.c:949:6:change_lcd_display_mode	16	static
../Core/Src/main.c:1027:6:change_between_dispplay_modes	8	static
../Core/Src/main.c:1050:6:lcd_display_mode_change_on_button_press	4	static
../Core/Src/main.c:1103:6:RTC_date_and_time_update	24	static
../Core/Src/main.c:1396:6:g_clock_menu_set_and_parameter_update	8	static
../Core/Src/main.c:1429:6:set_RTC_date_and_time	8	static
../Core/Src/main.c:1439:5:main	56	static
../Core/Src/main.c:1514:6:SystemClock_Config	88	static
../Core/Src/main.c:1562:13:MX_ADC1_Init	24	static
../Core/Src/main.c:1641:13:MX_RTC_Init	32	static
../Core/Src/main.c:1704:13:MX_TIM2_Init	48	static
../Core/Src/main.c:1762:13:MX_TIM3_Init	32	static
../Core/Src/main.c:1807:13:MX_USART2_UART_Init	8	static
../Core/Src/main.c:1840:13:MX_GPIO_Init	48	static
../Core/Src/main.c:1912:6:Error_Handler	4	static,ignoring_inline_asm
