../Core/Src/main.c:106:6:HAL_UART_RxCpltCallback	16	static
../Core/Src/main.c:129:10:get_adc_value_and_celsius_temperature	8	static
../Core/Src/main.c:141:6:store_temp_in_string	32	static
../Core/Src/main.c:168:6:system_state_update	4	static
../Core/Src/main.c:204:6:HAL_TIM_IC_CaptureCallback	16	static
../Core/Src/main.c:235:5:main	16	static
../Core/Src/main.c:399:6:SystemClock_Config	88	static
../Core/Src/main.c:446:13:MX_ADC1_Init	24	static
../Core/Src/main.c:498:13:MX_TIM2_Init	48	static
../Core/Src/main.c:556:13:MX_TIM3_Init	32	static
../Core/Src/main.c:601:13:MX_USART2_UART_Init	8	static
../Core/Src/main.c:634:13:MX_GPIO_Init	48	static
../Core/Src/main.c:699:6:Error_Handler	4	static,ignoring_inline_asm
