../Core/Src/main.c:220:6:HAL_UART_RxCpltCallback	16	static
../Core/Src/main.c:249:10:get_adc_value_and_celsius_temperature	8	static
../Core/Src/main.c:264:6:store_temp_in_string	32	static
../Core/Src/main.c:292:6:system_state_update	8	static
../Core/Src/main.c:333:6:en_measurement_update	4	static
../Core/Src/main.c:376:6:sp_measurement_update	8	static
../Core/Src/main.c:429:6:HAL_TIM_IC_CaptureCallback	16	static
../Core/Src/main.c:456:6:flash_led_d3	8	static
../Core/Src/main.c:474:6:flash_led_d2	8	static
../Core/Src/main.c:489:6:store_system_state_in_buffer	32	static
../Core/Src/main.c:570:6:ADC_Select_CH0	24	static
../Core/Src/main.c:584:6:ADC_Select_CH14	24	static
../Core/Src/main.c:600:6:ADC_Select_CH9	24	static
../Core/Src/main.c:614:6:ADC_Select_CH15	24	static
../Core/Src/main.c:633:10:get_adc_value_conver_to_lux	8	static
../Core/Src/main.c:657:6:en_measurements_and_responses	16	static
../Core/Src/main.c:721:10:get_pv_panel_adc1_input	8	static
../Core/Src/main.c:747:10:get_pv_panel_adc2_input	8	static
../Core/Src/main.c:775:6:change_lcd_display_mode	16	static
../Core/Src/main.c:914:6:RTC_date_and_time_update	24	static
../Core/Src/main.c:1210:6:g_clock_menu_set_and_parameter_update	4	static
../Core/Src/main.c:1236:6:set_RTC_date_and_time	8	static
../Core/Src/main.c:1246:5:main	56	static
../Core/Src/main.c:1417:6:SystemClock_Config	88	static
../Core/Src/main.c:1465:13:MX_ADC1_Init	24	static
../Core/Src/main.c:1544:13:MX_RTC_Init	32	static
../Core/Src/main.c:1607:13:MX_TIM2_Init	48	static
../Core/Src/main.c:1665:13:MX_TIM3_Init	32	static
../Core/Src/main.c:1710:13:MX_USART2_UART_Init	8	static
../Core/Src/main.c:1743:13:MX_GPIO_Init	48	static
../Core/Src/main.c:1815:6:Error_Handler	4	static,ignoring_inline_asm
