../Core/Src/main.c:173:6:HAL_UART_RxCpltCallback	16	static
../Core/Src/main.c:202:10:get_adc_value_and_celsius_temperature	8	static
../Core/Src/main.c:217:6:store_temp_in_string	32	static
../Core/Src/main.c:244:6:system_state_update	8	static
../Core/Src/main.c:347:6:HAL_TIM_IC_CaptureCallback	16	static
../Core/Src/main.c:374:6:flash_led_d3	8	static
../Core/Src/main.c:392:6:flash_led_d2	8	static
../Core/Src/main.c:407:6:store_system_state_in_buffer	32	static
../Core/Src/main.c:480:6:ADC_Select_CH0	24	static
../Core/Src/main.c:494:6:ADC_Select_CH14	24	static
../Core/Src/main.c:510:6:ADC_Select_CH9	24	static
../Core/Src/main.c:524:6:ADC_Select_CH15	24	static
../Core/Src/main.c:541:10:get_adc_value_conver_to_lux	8	static
../Core/Src/main.c:560:6:en_measurements_and_responses	16	static
../Core/Src/main.c:628:10:get_pv_panel_adc1_input	8	static
../Core/Src/main.c:654:10:get_pv_panel_adc2_input	8	static
../Core/Src/main.c:685:5:main	56	static
../Core/Src/main.c:791:6:SystemClock_Config	88	static
../Core/Src/main.c:838:13:MX_ADC1_Init	8	static
../Core/Src/main.c:917:13:MX_TIM2_Init	48	static
../Core/Src/main.c:975:13:MX_TIM3_Init	32	static
../Core/Src/main.c:1020:13:MX_USART2_UART_Init	8	static
../Core/Src/main.c:1053:13:MX_GPIO_Init	48	static
../Core/Src/main.c:1125:6:Error_Handler	4	static,ignoring_inline_asm
