../Core/Src/main.c:155:6:HAL_UART_RxCpltCallback	16	static
../Core/Src/main.c:184:10:get_adc_value_and_celsius_temperature	8	static
../Core/Src/main.c:199:6:store_temp_in_string	32	static
../Core/Src/main.c:226:6:system_state_update	8	static
../Core/Src/main.c:329:6:HAL_TIM_IC_CaptureCallback	16	static
../Core/Src/main.c:356:6:flash_led_d3	8	static
../Core/Src/main.c:374:6:flash_led_d2	8	static
../Core/Src/main.c:389:6:store_system_state_in_buffer	32	static
../Core/Src/main.c:462:6:ADC_Select_CH0	24	static
../Core/Src/main.c:476:6:ADC_Select_CH14	24	static
../Core/Src/main.c:492:6:ADC_Select_CH9	24	static
../Core/Src/main.c:506:6:ADC_Select_CH15	24	static
../Core/Src/main.c:523:10:get_adc_value_conver_to_lux	8	static
../Core/Src/main.c:542:6:en_measurements_and_responses	16	static
../Core/Src/main.c:606:10:get_pv_panel_adc1_input	8	static
../Core/Src/main.c:620:10:get_pv_panel_adc2_input	8	static
../Core/Src/main.c:640:5:main	56	static
../Core/Src/main.c:746:6:SystemClock_Config	88	static
../Core/Src/main.c:793:13:MX_ADC1_Init	8	static
../Core/Src/main.c:872:13:MX_TIM2_Init	48	static
../Core/Src/main.c:930:13:MX_TIM3_Init	32	static
../Core/Src/main.c:975:13:MX_USART2_UART_Init	8	static
../Core/Src/main.c:1008:13:MX_GPIO_Init	48	static
../Core/Src/main.c:1080:6:Error_Handler	4	static,ignoring_inline_asm
