../Core/Src/main.c:100:6:HAL_UART_RxCpltCallback	16	static
../Core/Src/main.c:124:10:get_adc_value_and_celsius_temperature	8	static
../Core/Src/main.c:136:6:store_temp_in_string	32	static
../Core/Src/main.c:163:6:system_state_update	4	static
../Core/Src/main.c:197:5:main	16	static
../Core/Src/main.c:369:6:SystemClock_Config	88	static
../Core/Src/main.c:416:13:MX_ADC1_Init	24	static
../Core/Src/main.c:468:13:MX_USART2_UART_Init	8	static
../Core/Src/main.c:501:13:MX_GPIO_Init	48	static
../Core/Src/main.c:575:6:Error_Handler	4	static,ignoring_inline_asm
