../Core/Src/main.c:237:6:HAL_UART_RxCpltCallback	16	static
../Core/Src/main.c:266:10:get_adc_value_and_celsius_temperature	8	static
../Core/Src/main.c:281:6:store_temp_in_string	32	static
../Core/Src/main.c:309:6:system_state_update	8	static
../Core/Src/main.c:375:6:ca_measurements_update	4	static
../Core/Src/main.c:427:6:en_measurement_update	4	static
../Core/Src/main.c:470:6:sp_measurement_update	8	static
../Core/Src/main.c:523:6:HAL_TIM_IC_CaptureCallback	16	static
../Core/Src/main.c:550:6:flash_led_d3	8	static
../Core/Src/main.c:568:6:flash_led_d2	8	static
../Core/Src/main.c:588:6:flash_led_d4	8	static
../Core/Src/main.c:608:6:store_system_state_in_buffer	32	static
../Core/Src/main.c:689:6:ADC_Select_CH0	24	static
../Core/Src/main.c:703:6:ADC_Select_CH14	24	static
../Core/Src/main.c:719:6:ADC_Select_CH9	24	static
../Core/Src/main.c:733:6:ADC_Select_CH15	24	static
../Core/Src/main.c:752:10:get_adc_value_conver_to_lux	8	static
../Core/Src/main.c:776:6:en_measurements_and_responses	16	static
../Core/Src/main.c:839:6:sp_measurements_and_responses	24	static
../Core/Src/main.c:948:6:ca_measurements_and_responses	8	static
../Core/Src/main.c:1004:10:get_pv_panel_adc1_input	8	static
../Core/Src/main.c:1030:10:get_pv_panel_adc2_input	8	static
../Core/Src/main.c:1054:6:lcd_Mode_1	16	static
../Core/Src/main.c:1072:6:lcd_Mode_2	16	static
../Core/Src/main.c:1089:6:lcd_Mode_3	16	static
../Core/Src/main.c:1114:6:change_lcd_display_mode	16	static
../Core/Src/main.c:1204:6:change_between_dispplay_modes	8	static
../Core/Src/main.c:1229:6:lcd_display_mode_change_on_button_press	4	static
../Core/Src/main.c:1282:6:RTC_date_and_time_update	24	static
../Core/Src/main.c:1575:6:g_clock_menu_set_and_parameter_update	8	static
../Core/Src/main.c:1608:6:set_RTC_date_and_time	8	static
../Core/Src/main.c:1618:5:main	56	static
../Core/Src/main.c:1698:6:SystemClock_Config	88	static
../Core/Src/main.c:1746:13:MX_ADC1_Init	24	static
../Core/Src/main.c:1825:13:MX_RTC_Init	32	static
../Core/Src/main.c:1888:13:MX_TIM2_Init	48	static
../Core/Src/main.c:1946:13:MX_TIM3_Init	32	static
../Core/Src/main.c:1991:13:MX_USART2_UART_Init	8	static
../Core/Src/main.c:2024:13:MX_GPIO_Init	48	static
../Core/Src/main.c:2096:6:Error_Handler	4	static,ignoring_inline_asm
