../Core/Src/main.c:120:6:HAL_UART_RxCpltCallback	16	static
../Core/Src/main.c:149:10:get_adc_value_and_celsius_temperature	8	static
../Core/Src/main.c:161:6:store_temp_in_string	32	static
../Core/Src/main.c:188:6:system_state_update	8	static
../Core/Src/main.c:290:6:HAL_TIM_IC_CaptureCallback	16	static
../Core/Src/main.c:317:6:flash_led_d3	8	static
../Core/Src/main.c:335:6:flash_led_d2	8	static
../Core/Src/main.c:350:6:store_system_state_in_buffer	32	static
../Core/Src/main.c:427:5:main	8	static
../Core/Src/main.c:543:6:SystemClock_Config	88	static
../Core/Src/main.c:590:13:MX_ADC1_Init	24	static
../Core/Src/main.c:642:13:MX_TIM2_Init	48	static
../Core/Src/main.c:700:13:MX_TIM3_Init	32	static
../Core/Src/main.c:745:13:MX_USART2_UART_Init	8	static
../Core/Src/main.c:778:13:MX_GPIO_Init	48	static
../Core/Src/main.c:837:6:Error_Handler	4	static,ignoring_inline_asm
