../Core/Src/main.c:107:6:HAL_UART_RxCpltCallback	16	static
../Core/Src/main.c:134:10:get_adc_value_and_celsius_temperature	8	static
../Core/Src/main.c:146:6:store_temp_in_string	32	static
../Core/Src/main.c:173:6:system_state_update	4	static
../Core/Src/main.c:210:6:HAL_TIM_IC_CaptureCallback	16	static
../Core/Src/main.c:237:6:flash_led_d3	8	static
../Core/Src/main.c:258:5:main	16	static
../Core/Src/main.c:416:6:SystemClock_Config	88	static
../Core/Src/main.c:463:13:MX_ADC1_Init	24	static
../Core/Src/main.c:515:13:MX_TIM2_Init	48	static
../Core/Src/main.c:573:13:MX_TIM3_Init	32	static
../Core/Src/main.c:618:13:MX_USART2_UART_Init	8	static
../Core/Src/main.c:651:13:MX_GPIO_Init	48	static
../Core/Src/main.c:716:6:Error_Handler	4	static,ignoring_inline_asm
