../Core/Src/main.c:109:6:HAL_UART_RxCpltCallback	16	static
../Core/Src/main.c:136:10:get_adc_value_and_celsius_temperature	8	static
../Core/Src/main.c:148:6:store_temp_in_string	32	static
../Core/Src/main.c:175:6:system_state_update	4	static
../Core/Src/main.c:212:6:HAL_TIM_IC_CaptureCallback	16	static
../Core/Src/main.c:239:6:flash_led_d3	8	static
../Core/Src/main.c:255:6:store_system_state_in_buffer	32	static
../Core/Src/main.c:332:5:main	8	static
../Core/Src/main.c:423:6:SystemClock_Config	88	static
../Core/Src/main.c:470:13:MX_ADC1_Init	24	static
../Core/Src/main.c:522:13:MX_TIM2_Init	48	static
../Core/Src/main.c:580:13:MX_TIM3_Init	32	static
../Core/Src/main.c:625:13:MX_USART2_UART_Init	8	static
../Core/Src/main.c:658:13:MX_GPIO_Init	48	static
../Core/Src/main.c:723:6:Error_Handler	4	static,ignoring_inline_asm
