../Core/Src/main.c:198:6:HAL_UART_RxCpltCallback	16	static
../Core/Src/main.c:227:10:get_adc_value_and_celsius_temperature	8	static
../Core/Src/main.c:242:6:store_temp_in_string	32	static
../Core/Src/main.c:269:6:system_state_update	8	static
../Core/Src/main.c:378:6:HAL_TIM_IC_CaptureCallback	16	static
../Core/Src/main.c:405:6:flash_led_d3	8	static
../Core/Src/main.c:423:6:flash_led_d2	8	static
../Core/Src/main.c:438:6:store_system_state_in_buffer	32	static
../Core/Src/main.c:511:6:ADC_Select_CH0	24	static
../Core/Src/main.c:525:6:ADC_Select_CH14	24	static
../Core/Src/main.c:541:6:ADC_Select_CH9	24	static
../Core/Src/main.c:555:6:ADC_Select_CH15	24	static
../Core/Src/main.c:572:10:get_adc_value_conver_to_lux	8	static
../Core/Src/main.c:591:6:en_measurements_and_responses	16	static
../Core/Src/main.c:654:10:get_pv_panel_adc1_input	8	static
../Core/Src/main.c:680:10:get_pv_panel_adc2_input	8	static
../Core/Src/main.c:708:6:change_lcd_display_mode	8	static
../Core/Src/main.c:833:5:main	56	static
../Core/Src/main.c:978:6:SystemClock_Config	88	static
../Core/Src/main.c:1025:13:MX_ADC1_Init	8	static
../Core/Src/main.c:1104:13:MX_TIM2_Init	48	static
../Core/Src/main.c:1162:13:MX_TIM3_Init	32	static
../Core/Src/main.c:1207:13:MX_USART2_UART_Init	8	static
../Core/Src/main.c:1240:13:MX_GPIO_Init	48	static
../Core/Src/main.c:1312:6:Error_Handler	4	static,ignoring_inline_asm
