../Core/Src/main.c:248:6:HAL_UART_RxCpltCallback	16	static
../Core/Src/main.c:277:10:get_adc_value_and_celsius_temperature	8	static
../Core/Src/main.c:292:6:store_temp_in_string	32	static
../Core/Src/main.c:320:6:system_state_update	8	static
../Core/Src/main.c:386:6:ca_measurements_update	4	static
../Core/Src/main.c:438:6:en_measurement_update	4	static
../Core/Src/main.c:481:6:sp_measurement_update	8	static
../Core/Src/main.c:534:6:HAL_TIM_IC_CaptureCallback	16	static
../Core/Src/main.c:561:6:flash_led_d3	8	static
../Core/Src/main.c:579:6:flash_led_d2	8	static
../Core/Src/main.c:599:6:flash_led_d4	8	static
../Core/Src/main.c:619:6:store_system_state_in_buffer	32	static
../Core/Src/main.c:700:6:ADC_Select_CH0	24	static
../Core/Src/main.c:714:6:ADC_Select_CH14	24	static
../Core/Src/main.c:730:6:ADC_Select_CH9	24	static
../Core/Src/main.c:744:6:ADC_Select_CH15	24	static
../Core/Src/main.c:763:10:get_adc_value_conver_to_lux	8	static
../Core/Src/main.c:787:6:en_measurements_and_responses	16	static
../Core/Src/main.c:855:6:sp_measurements_and_responses	48	static
../Core/Src/main.c:978:6:ca_measurements_and_responses	16	static
../Core/Src/main.c:1040:10:get_pv_panel_adc1_input	8	static
../Core/Src/main.c:1066:10:get_pv_panel_adc2_input	8	static
../Core/Src/main.c:1090:6:lcd_Mode_1	32	static
../Core/Src/main.c:1108:6:lcd_Mode_2	16	static
../Core/Src/main.c:1125:6:lcd_Mode_3	16	static
../Core/Src/main.c:1150:6:change_lcd_display_mode	32	static
../Core/Src/main.c:1240:6:change_between_dispplay_modes	8	static
../Core/Src/main.c:1265:6:lcd_display_mode_change_on_button_press	4	static
../Core/Src/main.c:1318:6:RTC_date_and_time_update	24	static
../Core/Src/main.c:1611:6:g_clock_menu_set_and_parameter_update	8	static
../Core/Src/main.c:1644:6:set_RTC_date_and_time	8	static
../Core/Src/main.c:1649:10:get_calibrated_power	32	static
../Core/Src/main.c:1669:5:main	56	static
../Core/Src/main.c:1755:6:SystemClock_Config	88	static
../Core/Src/main.c:1803:13:MX_ADC1_Init	24	static
../Core/Src/main.c:1882:13:MX_RTC_Init	32	static
../Core/Src/main.c:1945:13:MX_TIM2_Init	48	static
../Core/Src/main.c:2003:13:MX_TIM3_Init	32	static
../Core/Src/main.c:2048:13:MX_TIM5_Init	64	static
../Core/Src/main.c:2107:13:MX_USART2_UART_Init	8	static
../Core/Src/main.c:2140:13:MX_GPIO_Init	48	static
../Core/Src/main.c:2212:6:Error_Handler	4	static,ignoring_inline_asm
