../Core/Src/main.c:223:6:HAL_UART_RxCpltCallback	16	static
../Core/Src/main.c:252:10:get_adc_value_and_celsius_temperature	8	static
../Core/Src/main.c:267:6:store_temp_in_string	32	static
../Core/Src/main.c:295:6:system_state_update	8	static
../Core/Src/main.c:344:6:en_measurement_update	4	static
../Core/Src/main.c:387:6:sp_measurement_update	8	static
../Core/Src/main.c:440:6:HAL_TIM_IC_CaptureCallback	16	static
../Core/Src/main.c:467:6:flash_led_d3	8	static
../Core/Src/main.c:485:6:flash_led_d2	8	static
../Core/Src/main.c:500:6:store_system_state_in_buffer	32	static
../Core/Src/main.c:581:6:ADC_Select_CH0	24	static
../Core/Src/main.c:595:6:ADC_Select_CH14	24	static
../Core/Src/main.c:611:6:ADC_Select_CH9	24	static
../Core/Src/main.c:625:6:ADC_Select_CH15	24	static
../Core/Src/main.c:644:10:get_adc_value_conver_to_lux	8	static
../Core/Src/main.c:668:6:en_measurements_and_responses	16	static
../Core/Src/main.c:731:6:sp_measurements_and_responses	24	static
../Core/Src/main.c:837:10:get_pv_panel_adc1_input	8	static
../Core/Src/main.c:863:10:get_pv_panel_adc2_input	8	static
../Core/Src/main.c:891:6:change_lcd_display_mode	16	static
../Core/Src/main.c:1003:6:lcd_display_mode_change_on_button_press	4	static
../Core/Src/main.c:1056:6:RTC_date_and_time_update	24	static
../Core/Src/main.c:1349:6:g_clock_menu_set_and_parameter_update	8	static
../Core/Src/main.c:1382:6:set_RTC_date_and_time	8	static
../Core/Src/main.c:1392:5:main	56	static
../Core/Src/main.c:1467:6:SystemClock_Config	88	static
../Core/Src/main.c:1515:13:MX_ADC1_Init	24	static
../Core/Src/main.c:1594:13:MX_RTC_Init	32	static
../Core/Src/main.c:1657:13:MX_TIM2_Init	48	static
../Core/Src/main.c:1715:13:MX_TIM3_Init	32	static
../Core/Src/main.c:1760:13:MX_USART2_UART_Init	8	static
../Core/Src/main.c:1793:13:MX_GPIO_Init	48	static
../Core/Src/main.c:1865:6:Error_Handler	4	static,ignoring_inline_asm
