../Core/Src/main.c:222:6:HAL_UART_RxCpltCallback	16	static
../Core/Src/main.c:251:10:get_adc_value_and_celsius_temperature	8	static
../Core/Src/main.c:266:6:store_temp_in_string	32	static
../Core/Src/main.c:294:6:system_state_update	8	static
../Core/Src/main.c:343:6:en_measurement_update	4	static
../Core/Src/main.c:386:6:sp_measurement_update	8	static
../Core/Src/main.c:439:6:HAL_TIM_IC_CaptureCallback	16	static
../Core/Src/main.c:466:6:flash_led_d3	8	static
../Core/Src/main.c:484:6:flash_led_d2	8	static
../Core/Src/main.c:499:6:store_system_state_in_buffer	32	static
../Core/Src/main.c:580:6:ADC_Select_CH0	24	static
../Core/Src/main.c:594:6:ADC_Select_CH14	24	static
../Core/Src/main.c:610:6:ADC_Select_CH9	24	static
../Core/Src/main.c:624:6:ADC_Select_CH15	24	static
../Core/Src/main.c:643:10:get_adc_value_conver_to_lux	8	static
../Core/Src/main.c:667:6:en_measurements_and_responses	16	static
../Core/Src/main.c:730:6:sp_measurements_and_responses	24	static
../Core/Src/main.c:836:10:get_pv_panel_adc1_input	8	static
../Core/Src/main.c:862:10:get_pv_panel_adc2_input	8	static
../Core/Src/main.c:890:6:change_lcd_display_mode	16	static
../Core/Src/main.c:1037:6:RTC_date_and_time_update	24	static
../Core/Src/main.c:1333:6:g_clock_menu_set_and_parameter_update	8	static
../Core/Src/main.c:1366:6:set_RTC_date_and_time	8	static
../Core/Src/main.c:1376:5:main	56	static
../Core/Src/main.c:1451:6:SystemClock_Config	88	static
../Core/Src/main.c:1499:13:MX_ADC1_Init	24	static
../Core/Src/main.c:1578:13:MX_RTC_Init	32	static
../Core/Src/main.c:1641:13:MX_TIM2_Init	48	static
../Core/Src/main.c:1699:13:MX_TIM3_Init	32	static
../Core/Src/main.c:1744:13:MX_USART2_UART_Init	8	static
../Core/Src/main.c:1777:13:MX_GPIO_Init	48	static
../Core/Src/main.c:1849:6:Error_Handler	4	static,ignoring_inline_asm
