../Core/Src/main.c:203:6:HAL_UART_RxCpltCallback	16	static
../Core/Src/main.c:232:10:get_adc_value_and_celsius_temperature	8	static
../Core/Src/main.c:247:6:store_temp_in_string	32	static
../Core/Src/main.c:274:6:system_state_update	8	static
../Core/Src/main.c:385:6:HAL_TIM_IC_CaptureCallback	16	static
../Core/Src/main.c:412:6:flash_led_d3	8	static
../Core/Src/main.c:430:6:flash_led_d2	8	static
../Core/Src/main.c:445:6:store_system_state_in_buffer	32	static
../Core/Src/main.c:526:6:ADC_Select_CH0	24	static
../Core/Src/main.c:540:6:ADC_Select_CH14	24	static
../Core/Src/main.c:556:6:ADC_Select_CH9	24	static
../Core/Src/main.c:570:6:ADC_Select_CH15	24	static
../Core/Src/main.c:589:10:get_adc_value_conver_to_lux	8	static
../Core/Src/main.c:613:6:en_measurements_and_responses	16	static
../Core/Src/main.c:677:10:get_pv_panel_adc1_input	8	static
../Core/Src/main.c:703:10:get_pv_panel_adc2_input	8	static
../Core/Src/main.c:731:6:change_lcd_display_mode	8	static
../Core/Src/main.c:865:5:main	56	static
../Core/Src/main.c:1035:6:SystemClock_Config	88	static
../Core/Src/main.c:1082:13:MX_ADC1_Init	8	static
../Core/Src/main.c:1161:13:MX_TIM2_Init	48	static
../Core/Src/main.c:1219:13:MX_TIM3_Init	32	static
../Core/Src/main.c:1264:13:MX_USART2_UART_Init	8	static
../Core/Src/main.c:1297:13:MX_GPIO_Init	48	static
../Core/Src/main.c:1369:6:Error_Handler	4	static,ignoring_inline_asm
