../Core/Src/main.c:235:6:HAL_UART_RxCpltCallback	16	static
../Core/Src/main.c:264:10:get_adc_value_and_celsius_temperature	8	static
../Core/Src/main.c:279:6:store_temp_in_string	32	static
../Core/Src/main.c:307:6:system_state_update	8	static
../Core/Src/main.c:373:6:ca_measurements_update	4	static
../Core/Src/main.c:416:6:en_measurement_update	4	static
../Core/Src/main.c:459:6:sp_measurement_update	8	static
../Core/Src/main.c:512:6:HAL_TIM_IC_CaptureCallback	16	static
../Core/Src/main.c:539:6:flash_led_d3	8	static
../Core/Src/main.c:557:6:flash_led_d2	8	static
../Core/Src/main.c:575:6:flash_led_d4	8	static
../Core/Src/main.c:590:6:store_system_state_in_buffer	32	static
../Core/Src/main.c:671:6:ADC_Select_CH0	24	static
../Core/Src/main.c:685:6:ADC_Select_CH14	24	static
../Core/Src/main.c:701:6:ADC_Select_CH9	24	static
../Core/Src/main.c:715:6:ADC_Select_CH15	24	static
../Core/Src/main.c:734:10:get_adc_value_conver_to_lux	8	static
../Core/Src/main.c:758:6:en_measurements_and_responses	16	static
../Core/Src/main.c:821:6:sp_measurements_and_responses	24	static
../Core/Src/main.c:922:6:ca_measurements_and_responses	8	static
../Core/Src/main.c:940:10:get_pv_panel_adc1_input	8	static
../Core/Src/main.c:966:10:get_pv_panel_adc2_input	8	static
../Core/Src/main.c:990:6:lcd_Mode_1	16	static
../Core/Src/main.c:1008:6:lcd_Mode_2	16	static
../Core/Src/main.c:1025:6:lcd_Mode_3	16	static
../Core/Src/main.c:1050:6:change_lcd_display_mode	16	static
../Core/Src/main.c:1140:6:change_between_dispplay_modes	8	static
../Core/Src/main.c:1165:6:lcd_display_mode_change_on_button_press	4	static
../Core/Src/main.c:1218:6:RTC_date_and_time_update	24	static
../Core/Src/main.c:1511:6:g_clock_menu_set_and_parameter_update	8	static
../Core/Src/main.c:1544:6:set_RTC_date_and_time	8	static
../Core/Src/main.c:1554:5:main	56	static
../Core/Src/main.c:1632:6:SystemClock_Config	88	static
../Core/Src/main.c:1680:13:MX_ADC1_Init	24	static
../Core/Src/main.c:1759:13:MX_RTC_Init	32	static
../Core/Src/main.c:1822:13:MX_TIM2_Init	48	static
../Core/Src/main.c:1880:13:MX_TIM3_Init	32	static
../Core/Src/main.c:1925:13:MX_USART2_UART_Init	8	static
../Core/Src/main.c:1958:13:MX_GPIO_Init	48	static
../Core/Src/main.c:2030:6:Error_Handler	4	static,ignoring_inline_asm
