../Core/Src/main.c:217:6:HAL_UART_RxCpltCallback	16	static
../Core/Src/main.c:246:10:get_adc_value_and_celsius_temperature	8	static
../Core/Src/main.c:261:6:store_temp_in_string	32	static
../Core/Src/main.c:288:6:system_state_update	8	static
../Core/Src/main.c:399:6:HAL_TIM_IC_CaptureCallback	16	static
../Core/Src/main.c:426:6:flash_led_d3	8	static
../Core/Src/main.c:444:6:flash_led_d2	8	static
../Core/Src/main.c:459:6:store_system_state_in_buffer	32	static
../Core/Src/main.c:540:6:ADC_Select_CH0	24	static
../Core/Src/main.c:554:6:ADC_Select_CH14	24	static
../Core/Src/main.c:570:6:ADC_Select_CH9	24	static
../Core/Src/main.c:584:6:ADC_Select_CH15	24	static
../Core/Src/main.c:603:10:get_adc_value_conver_to_lux	8	static
../Core/Src/main.c:627:6:en_measurements_and_responses	16	static
../Core/Src/main.c:691:10:get_pv_panel_adc1_input	8	static
../Core/Src/main.c:717:10:get_pv_panel_adc2_input	8	static
../Core/Src/main.c:745:6:change_lcd_display_mode	16	static
../Core/Src/main.c:880:5:main	56	static
../Core/Src/main.c:1051:6:SystemClock_Config	88	static
../Core/Src/main.c:1099:13:MX_ADC1_Init	24	static
../Core/Src/main.c:1178:13:MX_RTC_Init	32	static
../Core/Src/main.c:1241:13:MX_TIM2_Init	48	static
../Core/Src/main.c:1299:13:MX_TIM3_Init	32	static
../Core/Src/main.c:1344:13:MX_USART2_UART_Init	8	static
../Core/Src/main.c:1377:13:MX_GPIO_Init	48	static
../Core/Src/main.c:1449:6:Error_Handler	4	static,ignoring_inline_asm
