../Core/Src/main.c:249:6:HAL_UART_RxCpltCallback	16	static
../Core/Src/main.c:278:10:get_adc_value_and_celsius_temperature	8	static
../Core/Src/main.c:293:6:store_temp_in_string	32	static
../Core/Src/main.c:321:6:system_state_update	8	static
../Core/Src/main.c:387:6:ca_measurements_update	4	static
../Core/Src/main.c:439:6:en_measurement_update	4	static
../Core/Src/main.c:482:6:sp_measurement_update	8	static
../Core/Src/main.c:535:6:HAL_TIM_IC_CaptureCallback	16	static
../Core/Src/main.c:562:6:flash_led_d3	8	static
../Core/Src/main.c:580:6:flash_led_d2	8	static
../Core/Src/main.c:600:6:flash_led_d4	8	static
../Core/Src/main.c:620:6:store_system_state_in_buffer	32	static
../Core/Src/main.c:701:6:ADC_Select_CH0	24	static
../Core/Src/main.c:715:6:ADC_Select_CH14	24	static
../Core/Src/main.c:731:6:ADC_Select_CH9	24	static
../Core/Src/main.c:745:6:ADC_Select_CH15	24	static
../Core/Src/main.c:764:10:get_adc_value_conver_to_lux	8	static
../Core/Src/main.c:788:6:en_measurements_and_responses	32	static
../Core/Src/main.c:862:6:sp_measurements_and_responses	48	static
../Core/Src/main.c:1004:6:ca_measurements_and_responses	8	static
../Core/Src/main.c:1071:10:get_pv_panel_adc1_input	8	static
../Core/Src/main.c:1097:10:get_pv_panel_adc2_input	8	static
../Core/Src/main.c:1121:6:lcd_Mode_1	32	static
../Core/Src/main.c:1139:6:lcd_Mode_2	16	static
../Core/Src/main.c:1156:6:lcd_Mode_3	16	static
../Core/Src/main.c:1181:6:change_lcd_display_mode	32	static
../Core/Src/main.c:1264:6:change_between_dispplay_modes	8	static
../Core/Src/main.c:1289:6:lcd_display_mode_change_on_button_press	4	static
../Core/Src/main.c:1342:6:RTC_date_and_time_update	24	static
../Core/Src/main.c:1635:6:g_clock_menu_set_and_parameter_update	8	static
../Core/Src/main.c:1668:6:set_RTC_date_and_time	8	static
../Core/Src/main.c:1673:10:get_calibrated_power	32	static
../Core/Src/main.c:1693:5:main	56	static
../Core/Src/main.c:1779:6:SystemClock_Config	88	static
../Core/Src/main.c:1827:13:MX_ADC1_Init	24	static
../Core/Src/main.c:1906:13:MX_RTC_Init	32	static
../Core/Src/main.c:1969:13:MX_TIM2_Init	48	static
../Core/Src/main.c:2027:13:MX_TIM3_Init	32	static
../Core/Src/main.c:2072:13:MX_TIM5_Init	64	static
../Core/Src/main.c:2131:13:MX_USART2_UART_Init	8	static
../Core/Src/main.c:2164:13:MX_GPIO_Init	48	static
../Core/Src/main.c:2236:6:Error_Handler	4	static,ignoring_inline_asm
