../Core/Src/main.c:123:6:HAL_UART_RxCpltCallback	16	static
../Core/Src/main.c:152:10:get_adc_value_and_celsius_temperature	8	static
../Core/Src/main.c:164:6:store_temp_in_string	32	static
../Core/Src/main.c:191:6:system_state_update	8	static
../Core/Src/main.c:294:6:HAL_TIM_IC_CaptureCallback	16	static
../Core/Src/main.c:321:6:flash_led_d3	8	static
../Core/Src/main.c:339:6:flash_led_d2	8	static
../Core/Src/main.c:354:6:store_system_state_in_buffer	32	static
../Core/Src/main.c:432:6:en_measurement_and_response	4	static
../Core/Src/main.c:441:5:main	112	static
../Core/Src/main.c:577:6:SystemClock_Config	88	static
../Core/Src/main.c:624:13:MX_ADC1_Init	24	static
../Core/Src/main.c:676:13:MX_TIM2_Init	48	static
../Core/Src/main.c:734:13:MX_TIM3_Init	32	static
../Core/Src/main.c:779:13:MX_USART2_UART_Init	8	static
../Core/Src/main.c:812:13:MX_GPIO_Init	48	static
../Core/Src/main.c:884:6:Error_Handler	4	static,ignoring_inline_asm
