../Core/Src/main.c:198:6:HAL_UART_RxCpltCallback	16	static
../Core/Src/main.c:227:10:get_adc_value_and_celsius_temperature	8	static
../Core/Src/main.c:242:6:store_temp_in_string	32	static
../Core/Src/main.c:269:6:system_state_update	8	static
../Core/Src/main.c:380:6:HAL_TIM_IC_CaptureCallback	16	static
../Core/Src/main.c:407:6:flash_led_d3	8	static
../Core/Src/main.c:425:6:flash_led_d2	8	static
../Core/Src/main.c:440:6:store_system_state_in_buffer	32	static
../Core/Src/main.c:521:6:ADC_Select_CH0	24	static
../Core/Src/main.c:535:6:ADC_Select_CH14	24	static
../Core/Src/main.c:551:6:ADC_Select_CH9	24	static
../Core/Src/main.c:565:6:ADC_Select_CH15	24	static
../Core/Src/main.c:584:10:get_adc_value_conver_to_lux	8	static
../Core/Src/main.c:608:6:en_measurements_and_responses	16	static
../Core/Src/main.c:672:10:get_pv_panel_adc1_input	8	static
../Core/Src/main.c:698:10:get_pv_panel_adc2_input	8	static
../Core/Src/main.c:726:6:change_lcd_display_mode	8	static
../Core/Src/main.c:848:5:main	56	static
../Core/Src/main.c:1016:6:SystemClock_Config	88	static
../Core/Src/main.c:1063:13:MX_ADC1_Init	8	static
../Core/Src/main.c:1142:13:MX_TIM2_Init	48	static
../Core/Src/main.c:1200:13:MX_TIM3_Init	32	static
../Core/Src/main.c:1245:13:MX_USART2_UART_Init	8	static
../Core/Src/main.c:1278:13:MX_GPIO_Init	48	static
../Core/Src/main.c:1350:6:Error_Handler	4	static,ignoring_inline_asm
