../Core/Src/main.c:134:6:HAL_UART_RxCpltCallback	16	static
../Core/Src/main.c:163:10:get_adc_value_and_celsius_temperature	8	static
../Core/Src/main.c:178:6:store_temp_in_string	32	static
../Core/Src/main.c:205:6:system_state_update	8	static
../Core/Src/main.c:308:6:HAL_TIM_IC_CaptureCallback	16	static
../Core/Src/main.c:335:6:flash_led_d3	8	static
../Core/Src/main.c:353:6:flash_led_d2	8	static
../Core/Src/main.c:368:6:store_system_state_in_buffer	32	static
../Core/Src/main.c:441:6:ADC_Select_CH0	24	static
../Core/Src/main.c:455:6:ADC_Select_CH14	24	static
../Core/Src/main.c:471:6:ADC_Select_CH9	24	static
../Core/Src/main.c:485:6:ADC_Select_CH15	24	static
../Core/Src/main.c:502:10:get_adc_value_conver_to_lux	8	static
../Core/Src/main.c:520:6:en_measurement_and_response	4	static
../Core/Src/main.c:529:5:main	112	static
../Core/Src/main.c:672:6:SystemClock_Config	88	static
../Core/Src/main.c:719:13:MX_ADC1_Init	8	static
../Core/Src/main.c:798:13:MX_TIM2_Init	48	static
../Core/Src/main.c:856:13:MX_TIM3_Init	32	static
../Core/Src/main.c:901:13:MX_USART2_UART_Init	8	static
../Core/Src/main.c:934:13:MX_GPIO_Init	48	static
../Core/Src/main.c:1006:6:Error_Handler	4	static,ignoring_inline_asm
