../Core/Src/main.c:221:6:HAL_UART_RxCpltCallback	16	static
../Core/Src/main.c:250:10:get_adc_value_and_celsius_temperature	8	static
../Core/Src/main.c:265:6:store_temp_in_string	32	static
../Core/Src/main.c:293:6:system_state_update	8	static
../Core/Src/main.c:341:6:en_measurement_update	4	static
../Core/Src/main.c:384:6:sp_measurement_update	8	static
../Core/Src/main.c:437:6:HAL_TIM_IC_CaptureCallback	16	static
../Core/Src/main.c:464:6:flash_led_d3	8	static
../Core/Src/main.c:482:6:flash_led_d2	8	static
../Core/Src/main.c:497:6:store_system_state_in_buffer	32	static
../Core/Src/main.c:578:6:ADC_Select_CH0	24	static
../Core/Src/main.c:592:6:ADC_Select_CH14	24	static
../Core/Src/main.c:608:6:ADC_Select_CH9	24	static
../Core/Src/main.c:622:6:ADC_Select_CH15	24	static
../Core/Src/main.c:641:10:get_adc_value_conver_to_lux	8	static
../Core/Src/main.c:665:6:en_measurements_and_responses	16	static
../Core/Src/main.c:728:6:sp_measurements_and_responses	24	static
../Core/Src/main.c:834:10:get_pv_panel_adc1_input	8	static
../Core/Src/main.c:860:10:get_pv_panel_adc2_input	8	static
../Core/Src/main.c:888:6:change_lcd_display_mode	16	static
../Core/Src/main.c:1027:6:RTC_date_and_time_update	24	static
../Core/Src/main.c:1323:6:g_clock_menu_set_and_parameter_update	8	static
../Core/Src/main.c:1353:6:set_RTC_date_and_time	8	static
../Core/Src/main.c:1363:5:main	56	static
../Core/Src/main.c:1438:6:SystemClock_Config	88	static
../Core/Src/main.c:1486:13:MX_ADC1_Init	24	static
../Core/Src/main.c:1565:13:MX_RTC_Init	32	static
../Core/Src/main.c:1628:13:MX_TIM2_Init	48	static
../Core/Src/main.c:1686:13:MX_TIM3_Init	32	static
../Core/Src/main.c:1731:13:MX_USART2_UART_Init	8	static
../Core/Src/main.c:1764:13:MX_GPIO_Init	48	static
../Core/Src/main.c:1836:6:Error_Handler	4	static,ignoring_inline_asm
