../Core/Src/main.c:186:6:HAL_UART_RxCpltCallback	16	static
../Core/Src/main.c:215:6:adc_dma_val_processing	16	static
../Core/Src/main.c:247:6:system_state_update	4	static
../Core/Src/main.c:314:6:right_button_state_update	4	static
../Core/Src/main.c:336:6:TURN_LED_ON_OFF	4	static
../Core/Src/main.c:361:6:EM_mode_Strobe	16	static
../Core/Src/main.c:383:6:convert_UART_state_params_to_Int	16	static
../Core/Src/main.c:446:6:Emergency_Mode_State_Update	8	static
../Core/Src/main.c:499:6:Mood_Mode_State_Update	4	static
../Core/Src/main.c:513:6:Request_return_system_state	16	static
../Core/Src/main.c:689:5:main	8	static
../Core/Src/main.c:870:6:SystemClock_Config	160	static
../Core/Src/main.c:921:13:MX_ADC1_Init	48	static
../Core/Src/main.c:987:13:MX_TIM2_Init	64	static
../Core/Src/main.c:1050:13:MX_TIM3_Init	64	static
../Core/Src/main.c:1109:13:MX_TIM4_Init	64	static
../Core/Src/main.c:1168:13:MX_USART2_UART_Init	8	static
../Core/Src/main.c:1201:13:MX_DMA_Init	16	static
../Core/Src/main.c:1219:13:MX_GPIO_Init	48	static
../Core/Src/main.c:1275:6:MF_mode_LED	8	static
../Core/Src/main.c:1282:6:ME_mode_LED	8	static
../Core/Src/main.c:1288:6:MM_mode_LED	8	static
../Core/Src/main.c:1299:6:HAL_ADC_ConvCpltCallback	16	static
../Core/Src/main.c:1310:6:Error_Handler	4	static,ignoring_inline_asm
