../Core/Src/main.c:151:6:HAL_UART_RxCpltCallback	16	static
../Core/Src/main.c:184:6:adc_dma_val_processing	16	static
../Core/Src/main.c:215:6:system_state_update	4	static
../Core/Src/main.c:254:6:right_button_state_update	4	static
../Core/Src/main.c:276:6:TURN_LED_ON_OFF	4	static
../Core/Src/main.c:287:6:EM_mode_Strobe	16	static
../Core/Src/main.c:311:6:convert_UART_state_params_to_Int	16	static
../Core/Src/main.c:363:5:main	16	static
../Core/Src/main.c:588:6:SystemClock_Config	160	static
../Core/Src/main.c:639:13:MX_ADC1_Init	48	static
../Core/Src/main.c:705:13:MX_TIM2_Init	64	static
../Core/Src/main.c:768:13:MX_TIM3_Init	64	static
../Core/Src/main.c:827:13:MX_TIM4_Init	64	static
../Core/Src/main.c:886:13:MX_USART2_UART_Init	8	static
../Core/Src/main.c:919:13:MX_DMA_Init	16	static
../Core/Src/main.c:937:13:MX_GPIO_Init	48	static
../Core/Src/main.c:993:6:MF_mode_LED	8	static
../Core/Src/main.c:1000:6:ME_mode_LED	8	static
../Core/Src/main.c:1006:6:MM_mode_LED	8	static
../Core/Src/main.c:1017:6:HAL_ADC_ConvCpltCallback	16	static
../Core/Src/main.c:1028:6:Error_Handler	4	static,ignoring_inline_asm
