../Core/Src/main.c:140:6:HAL_UART_RxCpltCallback	16	static
../Core/Src/main.c:170:6:adc_dma_val_processing	16	static
../Core/Src/main.c:202:6:system_state_update	4	static
../Core/Src/main.c:223:6:right_button_state_update	4	static
../Core/Src/main.c:245:6:TURN_LED_ON_OFF	4	static
../Core/Src/main.c:260:5:main	16	static
../Core/Src/main.c:495:6:SystemClock_Config	160	static
../Core/Src/main.c:546:13:MX_ADC1_Init	48	static
../Core/Src/main.c:612:13:MX_TIM2_Init	64	static
../Core/Src/main.c:675:13:MX_TIM3_Init	64	static
../Core/Src/main.c:734:13:MX_TIM4_Init	64	static
../Core/Src/main.c:793:13:MX_USART2_UART_Init	8	static
../Core/Src/main.c:826:13:MX_DMA_Init	16	static
../Core/Src/main.c:844:13:MX_GPIO_Init	48	static
../Core/Src/main.c:900:6:MF_mode_LED	8	static
../Core/Src/main.c:907:6:ME_mode_LED	8	static
../Core/Src/main.c:913:6:MM_mode_LED	8	static
../Core/Src/main.c:924:6:HAL_ADC_ConvCpltCallback	16	static
../Core/Src/main.c:935:6:Error_Handler	4	static,ignoring_inline_asm
