../Core/Src/main.c:189:6:HAL_UART_RxCpltCallback	16	static
../Core/Src/main.c:218:6:adc_dma_val_processing	16	static
../Core/Src/main.c:250:6:system_state_update	4	static
../Core/Src/main.c:318:6:right_button_state_update	4	static
../Core/Src/main.c:336:6:TURN_LED_ON_OFF	4	static
../Core/Src/main.c:361:6:EM_mode_Strobe	16	static
../Core/Src/main.c:383:6:convert_UART_state_params_to_Int	16	static
../Core/Src/main.c:453:6:Emergency_Mode_State_Update	8	static
../Core/Src/main.c:496:6:Mood_Mode_State_Update	4	static
../Core/Src/main.c:507:6:Request_return_system_state	16	static
../Core/Src/main.c:675:6:ascii_to_morse	216	static
../Core/Src/main.c:746:6:M_DOT	8	static
../Core/Src/main.c:760:6:M_DASH	8	static
../Core/Src/main.c:773:6:M_Space_In_Letter	8	static
../Core/Src/main.c:781:6:M_Space_between_Letter	8	static
../Core/Src/main.c:790:6:M_Space_Between_Words	8	static
../Core/Src/main.c:805:5:main	16	static
../Core/Src/main.c:1043:6:SystemClock_Config	160	static
../Core/Src/main.c:1094:13:MX_ADC1_Init	48	static
../Core/Src/main.c:1160:13:MX_TIM2_Init	64	static
../Core/Src/main.c:1223:13:MX_TIM3_Init	64	static
../Core/Src/main.c:1282:13:MX_TIM4_Init	64	static
../Core/Src/main.c:1341:13:MX_USART2_UART_Init	8	static
../Core/Src/main.c:1374:13:MX_DMA_Init	16	static
../Core/Src/main.c:1392:13:MX_GPIO_Init	48	static
../Core/Src/main.c:1448:6:MF_mode_LED	8	static
../Core/Src/main.c:1455:6:ME_mode_LED	8	static
../Core/Src/main.c:1461:6:MM_mode_LED	8	static
../Core/Src/main.c:1472:6:HAL_ADC_ConvCpltCallback	16	static
../Core/Src/main.c:1483:6:Error_Handler	4	static,ignoring_inline_asm
