../Core/Src/main.c:192:6:HAL_UART_RxCpltCallback	16	static
../Core/Src/main.c:221:6:adc_dma_val_processing	16	static
../Core/Src/main.c:253:6:system_state_update	4	static
../Core/Src/main.c:321:6:right_button_state_update	4	static
../Core/Src/main.c:339:6:TURN_LED_ON_OFF	4	static
../Core/Src/main.c:364:6:EM_mode_Strobe	16	static
../Core/Src/main.c:386:6:convert_UART_state_params_to_Int	16	static
../Core/Src/main.c:456:6:Emergency_Mode_State_Update	8	static
../Core/Src/main.c:499:6:Mood_Mode_State_Update	4	static
../Core/Src/main.c:510:6:Request_return_system_state	16	static
../Core/Src/main.c:678:6:ascii_to_morse	216	static
../Core/Src/main.c:749:6:M_DOT	8	static
../Core/Src/main.c:763:6:M_DASH	8	static
../Core/Src/main.c:776:6:M_Space_In_Letter	8	static
../Core/Src/main.c:784:6:M_Space_between_Letter	8	static
../Core/Src/main.c:793:6:M_Space_Between_Words	8	static
../Core/Src/main.c:808:5:main	16	static
../Core/Src/main.c:1057:6:SystemClock_Config	160	static
../Core/Src/main.c:1108:13:MX_ADC1_Init	48	static
../Core/Src/main.c:1174:13:MX_TIM2_Init	64	static
../Core/Src/main.c:1237:13:MX_TIM3_Init	64	static
../Core/Src/main.c:1296:13:MX_TIM4_Init	64	static
../Core/Src/main.c:1355:13:MX_USART2_UART_Init	8	static
../Core/Src/main.c:1388:13:MX_DMA_Init	16	static
../Core/Src/main.c:1406:13:MX_GPIO_Init	48	static
../Core/Src/main.c:1462:6:MF_mode_LED	8	static
../Core/Src/main.c:1469:6:ME_mode_LED	8	static
../Core/Src/main.c:1475:6:MM_mode_LED	8	static
../Core/Src/main.c:1486:6:HAL_ADC_ConvCpltCallback	16	static
../Core/Src/main.c:1497:6:Error_Handler	4	static,ignoring_inline_asm
