../Core/Src/main.c:90:6:HAL_UART_RxCpltCallback	16	static
../Core/Src/main.c:103:6:adc_dma_val_processing	16	static
../Core/Src/main.c:130:5:main	8	static
../Core/Src/main.c:264:6:SystemClock_Config	160	static
../Core/Src/main.c:312:13:MX_ADC1_Init	48	static
../Core/Src/main.c:378:13:MX_USART2_UART_Init	8	static
../Core/Src/main.c:411:13:MX_DMA_Init	16	static
../Core/Src/main.c:429:13:MX_GPIO_Init	48	static
../Core/Src/main.c:485:6:MF_mode_LED	8	static
../Core/Src/main.c:492:6:ME_mode_LED	8	static
../Core/Src/main.c:498:6:MM_mode_LED	8	static
../Core/Src/main.c:509:6:HAL_ADC_ConvCpltCallback	16	static
../Core/Src/main.c:520:6:Error_Handler	4	static,ignoring_inline_asm
