../Core/Src/main.c:157:6:HAL_UART_RxCpltCallback	16	static
../Core/Src/main.c:190:6:adc_dma_val_processing	16	static
../Core/Src/main.c:221:6:system_state_update	4	static
../Core/Src/main.c:265:6:right_button_state_update	4	static
../Core/Src/main.c:287:6:TURN_LED_ON_OFF	4	static
../Core/Src/main.c:305:6:EM_mode_Strobe	16	static
../Core/Src/main.c:331:6:convert_UART_state_params_to_Int	16	static
../Core/Src/main.c:396:6:Emergency_Mode_State_Update	8	static
../Core/Src/main.c:434:6:Mood_Mode_State_Update	4	static
../Core/Src/main.c:454:5:main	16	static
../Core/Src/main.c:687:6:SystemClock_Config	160	static
../Core/Src/main.c:738:13:MX_ADC1_Init	48	static
../Core/Src/main.c:804:13:MX_TIM2_Init	64	static
../Core/Src/main.c:867:13:MX_TIM3_Init	64	static
../Core/Src/main.c:926:13:MX_TIM4_Init	64	static
../Core/Src/main.c:985:13:MX_USART2_UART_Init	8	static
../Core/Src/main.c:1018:13:MX_DMA_Init	16	static
../Core/Src/main.c:1036:13:MX_GPIO_Init	48	static
../Core/Src/main.c:1092:6:MF_mode_LED	8	static
../Core/Src/main.c:1099:6:ME_mode_LED	8	static
../Core/Src/main.c:1105:6:MM_mode_LED	8	static
../Core/Src/main.c:1116:6:HAL_ADC_ConvCpltCallback	16	static
../Core/Src/main.c:1127:6:Error_Handler	4	static,ignoring_inline_asm
