../Core/Src/main.c:177:6:HAL_UART_RxCpltCallback	16	static
../Core/Src/main.c:206:6:adc_dma_val_processing	16	static
../Core/Src/main.c:235:6:system_state_update	4	static
../Core/Src/main.c:284:6:right_button_state_update	4	static
../Core/Src/main.c:306:6:TURN_LED_ON_OFF	4	static
../Core/Src/main.c:324:6:EM_mode_Strobe	16	static
../Core/Src/main.c:348:6:convert_UART_state_params_to_Int	16	static
../Core/Src/main.c:413:6:Emergency_Mode_State_Update	8	static
../Core/Src/main.c:451:6:Mood_Mode_State_Update	4	static
../Core/Src/main.c:465:6:Request_return_system_state	8	static
../Core/Src/main.c:528:5:main	16	static
../Core/Src/main.c:783:6:SystemClock_Config	160	static
../Core/Src/main.c:834:13:MX_ADC1_Init	48	static
../Core/Src/main.c:900:13:MX_TIM2_Init	64	static
../Core/Src/main.c:963:13:MX_TIM3_Init	64	static
../Core/Src/main.c:1022:13:MX_TIM4_Init	64	static
../Core/Src/main.c:1081:13:MX_USART2_UART_Init	8	static
../Core/Src/main.c:1114:13:MX_DMA_Init	16	static
../Core/Src/main.c:1132:13:MX_GPIO_Init	48	static
../Core/Src/main.c:1188:6:MF_mode_LED	8	static
../Core/Src/main.c:1195:6:ME_mode_LED	8	static
../Core/Src/main.c:1201:6:MM_mode_LED	8	static
../Core/Src/main.c:1212:6:HAL_ADC_ConvCpltCallback	16	static
../Core/Src/main.c:1223:6:Error_Handler	4	static,ignoring_inline_asm
