../Core/Src/main.c:157:6:HAL_UART_RxCpltCallback	16	static
../Core/Src/main.c:186:6:adc_dma_val_processing	16	static
../Core/Src/main.c:215:6:system_state_update	4	static
../Core/Src/main.c:264:6:right_button_state_update	4	static
../Core/Src/main.c:286:6:TURN_LED_ON_OFF	4	static
../Core/Src/main.c:304:6:EM_mode_Strobe	16	static
../Core/Src/main.c:328:6:convert_UART_state_params_to_Int	16	static
../Core/Src/main.c:393:6:Emergency_Mode_State_Update	8	static
../Core/Src/main.c:431:6:Mood_Mode_State_Update	4	static
../Core/Src/main.c:450:5:main	16	static
../Core/Src/main.c:699:6:SystemClock_Config	160	static
../Core/Src/main.c:750:13:MX_ADC1_Init	48	static
../Core/Src/main.c:816:13:MX_TIM2_Init	64	static
../Core/Src/main.c:879:13:MX_TIM3_Init	64	static
../Core/Src/main.c:938:13:MX_TIM4_Init	64	static
../Core/Src/main.c:997:13:MX_USART2_UART_Init	8	static
../Core/Src/main.c:1030:13:MX_DMA_Init	16	static
../Core/Src/main.c:1048:13:MX_GPIO_Init	48	static
../Core/Src/main.c:1104:6:MF_mode_LED	8	static
../Core/Src/main.c:1111:6:ME_mode_LED	8	static
../Core/Src/main.c:1117:6:MM_mode_LED	8	static
../Core/Src/main.c:1128:6:HAL_ADC_ConvCpltCallback	16	static
../Core/Src/main.c:1139:6:Error_Handler	4	static,ignoring_inline_asm
