../Core/Src/main.c:127:6:HAL_UART_RxCpltCallback	16	static
../Core/Src/main.c:140:6:adc_dma_val_processing	16	static
../Core/Src/main.c:172:6:system_state_update	4	static
../Core/Src/main.c:193:6:right_button_state_update	4	static
../Core/Src/main.c:213:6:Dot_delay	8	static
../Core/Src/main.c:227:6:DASH_Delay	8	static
../Core/Src/main.c:234:6:Space_In_Letters	8	static
../Core/Src/main.c:243:6:Space_Between_Letters	8	static
../Core/Src/main.c:250:6:Space_Between_Words	8	static
../Core/Src/main.c:262:5:main	24	static
../Core/Src/main.c:483:6:SystemClock_Config	160	static
../Core/Src/main.c:533:13:MX_ADC1_Init	48	static
../Core/Src/main.c:599:13:MX_TIM2_Init	64	static
../Core/Src/main.c:658:13:MX_USART2_UART_Init	8	static
../Core/Src/main.c:691:13:MX_DMA_Init	16	static
../Core/Src/main.c:709:13:MX_GPIO_Init	48	static
../Core/Src/main.c:765:6:MF_mode_LED	8	static
../Core/Src/main.c:772:6:ME_mode_LED	8	static
../Core/Src/main.c:778:6:MM_mode_LED	8	static
../Core/Src/main.c:789:6:HAL_ADC_ConvCpltCallback	16	static
../Core/Src/main.c:800:6:Error_Handler	4	static,ignoring_inline_asm
