../Core/Src/main.c:152:6:HAL_UART_RxCpltCallback	16	static
../Core/Src/main.c:185:6:adc_dma_val_processing	16	static
../Core/Src/main.c:216:6:system_state_update	4	static
../Core/Src/main.c:254:6:right_button_state_update	4	static
../Core/Src/main.c:276:6:TURN_LED_ON_OFF	4	static
../Core/Src/main.c:294:6:EM_mode_Strobe	16	static
../Core/Src/main.c:318:6:convert_UART_state_params_to_Int	16	static
../Core/Src/main.c:369:5:main	16	static
../Core/Src/main.c:600:6:SystemClock_Config	160	static
../Core/Src/main.c:651:13:MX_ADC1_Init	48	static
../Core/Src/main.c:717:13:MX_TIM2_Init	64	static
../Core/Src/main.c:780:13:MX_TIM3_Init	64	static
../Core/Src/main.c:839:13:MX_TIM4_Init	64	static
../Core/Src/main.c:898:13:MX_USART2_UART_Init	8	static
../Core/Src/main.c:931:13:MX_DMA_Init	16	static
../Core/Src/main.c:949:13:MX_GPIO_Init	48	static
../Core/Src/main.c:1005:6:MF_mode_LED	8	static
../Core/Src/main.c:1012:6:ME_mode_LED	8	static
../Core/Src/main.c:1018:6:MM_mode_LED	8	static
../Core/Src/main.c:1029:6:HAL_ADC_ConvCpltCallback	16	static
../Core/Src/main.c:1040:6:Error_Handler	4	static,ignoring_inline_asm
