../Core/Src/main.c:97:6:HAL_UART_RxCpltCallback	16	static
../Core/Src/main.c:110:6:adc_dma_val_processing	16	static
../Core/Src/main.c:142:6:system_state_update	4	static
../Core/Src/main.c:160:6:right_button_state_update	4	static
../Core/Src/main.c:185:5:main	8	static
../Core/Src/main.c:312:6:SystemClock_Config	160	static
../Core/Src/main.c:362:13:MX_ADC1_Init	48	static
../Core/Src/main.c:428:13:MX_TIM2_Init	64	static
../Core/Src/main.c:487:13:MX_USART2_UART_Init	8	static
../Core/Src/main.c:520:13:MX_DMA_Init	16	static
../Core/Src/main.c:538:13:MX_GPIO_Init	48	static
../Core/Src/main.c:594:6:MF_mode_LED	8	static
../Core/Src/main.c:601:6:ME_mode_LED	8	static
../Core/Src/main.c:607:6:MM_mode_LED	8	static
../Core/Src/main.c:618:6:HAL_ADC_ConvCpltCallback	16	static
../Core/Src/main.c:629:6:Error_Handler	4	static,ignoring_inline_asm
