../Core/Src/main.c:186:6:HAL_UART_RxCpltCallback	16	static
../Core/Src/main.c:215:6:adc_dma_val_processing	16	static
../Core/Src/main.c:247:6:system_state_update	4	static
../Core/Src/main.c:314:6:right_button_state_update	4	static
../Core/Src/main.c:336:6:TURN_LED_ON_OFF	4	static
../Core/Src/main.c:361:6:EM_mode_Strobe	16	static
../Core/Src/main.c:383:6:convert_UART_state_params_to_Int	16	static
../Core/Src/main.c:455:6:Emergency_Mode_State_Update	8	static
../Core/Src/main.c:511:6:Mood_Mode_State_Update	4	static
../Core/Src/main.c:525:6:Request_return_system_state	16	static
../Core/Src/main.c:701:5:main	8	static
../Core/Src/main.c:882:6:SystemClock_Config	160	static
../Core/Src/main.c:933:13:MX_ADC1_Init	48	static
../Core/Src/main.c:999:13:MX_TIM2_Init	64	static
../Core/Src/main.c:1062:13:MX_TIM3_Init	64	static
../Core/Src/main.c:1121:13:MX_TIM4_Init	64	static
../Core/Src/main.c:1180:13:MX_USART2_UART_Init	8	static
../Core/Src/main.c:1213:13:MX_DMA_Init	16	static
../Core/Src/main.c:1231:13:MX_GPIO_Init	48	static
../Core/Src/main.c:1287:6:MF_mode_LED	8	static
../Core/Src/main.c:1294:6:ME_mode_LED	8	static
../Core/Src/main.c:1300:6:MM_mode_LED	8	static
../Core/Src/main.c:1311:6:HAL_ADC_ConvCpltCallback	16	static
../Core/Src/main.c:1322:6:Error_Handler	4	static,ignoring_inline_asm
