../Core/Src/main.c:136:6:HAL_UART_RxCpltCallback	16	static
../Core/Src/main.c:149:6:adc_dma_val_processing	16	static
../Core/Src/main.c:181:6:system_state_update	4	static
../Core/Src/main.c:202:6:right_button_state_update	4	static
../Core/Src/main.c:221:6:TURN_LED_ON_OFF	4	static
../Core/Src/main.c:235:5:main	16	static
../Core/Src/main.c:471:6:SystemClock_Config	160	static
../Core/Src/main.c:522:13:MX_ADC1_Init	48	static
../Core/Src/main.c:588:13:MX_TIM2_Init	64	static
../Core/Src/main.c:651:13:MX_TIM3_Init	64	static
../Core/Src/main.c:710:13:MX_TIM4_Init	64	static
../Core/Src/main.c:769:13:MX_USART2_UART_Init	8	static
../Core/Src/main.c:802:13:MX_DMA_Init	16	static
../Core/Src/main.c:820:13:MX_GPIO_Init	48	static
../Core/Src/main.c:876:6:MF_mode_LED	8	static
../Core/Src/main.c:883:6:ME_mode_LED	8	static
../Core/Src/main.c:889:6:MM_mode_LED	8	static
../Core/Src/main.c:900:6:HAL_ADC_ConvCpltCallback	16	static
../Core/Src/main.c:911:6:Error_Handler	4	static,ignoring_inline_asm
