../Core/Src/main.c:195:6:HAL_UART_RxCpltCallback	16	static
../Core/Src/main.c:224:6:adc_dma_val_processing	16	static
../Core/Src/main.c:256:6:system_state_update	4	static
../Core/Src/main.c:324:6:right_button_state_update	4	static
../Core/Src/main.c:342:6:TURN_LED_ON_OFF	4	static
../Core/Src/main.c:367:6:EM_mode_Strobe	16	static
../Core/Src/main.c:389:6:convert_UART_state_params_to_Int	16	static
../Core/Src/main.c:459:6:Emergency_Mode_State_Update	8	static
../Core/Src/main.c:502:6:Mood_Mode_State_Update	4	static
../Core/Src/main.c:513:6:Request_return_system_state	16	static
../Core/Src/main.c:681:6:ascii_to_morse	216	static
../Core/Src/main.c:752:6:M_DOT	8	static
../Core/Src/main.c:766:6:M_DASH	8	static
../Core/Src/main.c:779:6:M_Space_In_Letter	8	static
../Core/Src/main.c:787:6:M_Space_between_Letter	8	static
../Core/Src/main.c:796:6:M_Space_Between_Words	8	static
../Core/Src/main.c:850:6:blinkMorseCode	24	static
../Core/Src/main.c:892:6:encodeAndBlink	24	static
../Core/Src/main.c:922:5:main	16	static
../Core/Src/main.c:1125:6:SystemClock_Config	160	static
../Core/Src/main.c:1178:13:MX_ADC1_Init	48	static
../Core/Src/main.c:1244:13:MX_I2C1_Init	8	static
../Core/Src/main.c:1292:13:MX_TIM2_Init	64	static
../Core/Src/main.c:1355:13:MX_TIM3_Init	64	static
../Core/Src/main.c:1414:13:MX_TIM4_Init	64	static
../Core/Src/main.c:1473:13:MX_USART2_UART_Init	8	static
../Core/Src/main.c:1506:13:MX_DMA_Init	16	static
../Core/Src/main.c:1524:13:MX_GPIO_Init	48	static
../Core/Src/main.c:1583:6:MF_mode_LED	8	static
../Core/Src/main.c:1590:6:ME_mode_LED	8	static
../Core/Src/main.c:1596:6:MM_mode_LED	8	static
../Core/Src/main.c:1607:6:HAL_ADC_ConvCpltCallback	16	static
../Core/Src/main.c:1618:6:Error_Handler	4	static,ignoring_inline_asm
