../Core/Src/main.c:91:6:HAL_UART_RxCpltCallback	16	static
../Core/Src/main.c:104:6:adc_dma_val_processing	16	static
../Core/Src/main.c:132:6:system_state_update	4	static
../Core/Src/main.c:150:6:right_button_state_update	4	static
../Core/Src/main.c:175:5:main	8	static
../Core/Src/main.c:285:6:SystemClock_Config	160	static
../Core/Src/main.c:333:13:MX_ADC1_Init	48	static
../Core/Src/main.c:399:13:MX_USART2_UART_Init	8	static
../Core/Src/main.c:432:13:MX_DMA_Init	16	static
../Core/Src/main.c:450:13:MX_GPIO_Init	48	static
../Core/Src/main.c:506:6:MF_mode_LED	8	static
../Core/Src/main.c:513:6:ME_mode_LED	8	static
../Core/Src/main.c:519:6:MM_mode_LED	8	static
../Core/Src/main.c:530:6:HAL_ADC_ConvCpltCallback	16	static
../Core/Src/main.c:541:6:Error_Handler	4	static,ignoring_inline_asm
