../Core/Src/main.c:113:6:HAL_UART_RxCpltCallback	16	static
../Core/Src/main.c:126:6:adc_dma_val_processing	16	static
../Core/Src/main.c:158:6:system_state_update	4	static
../Core/Src/main.c:176:6:right_button_state_update	4	static
../Core/Src/main.c:201:5:main	8	static
../Core/Src/main.c:351:6:SystemClock_Config	160	static
../Core/Src/main.c:401:13:MX_ADC1_Init	48	static
../Core/Src/main.c:467:13:MX_TIM2_Init	64	static
../Core/Src/main.c:526:13:MX_USART2_UART_Init	8	static
../Core/Src/main.c:559:13:MX_DMA_Init	16	static
../Core/Src/main.c:577:13:MX_GPIO_Init	48	static
../Core/Src/main.c:633:6:MF_mode_LED	8	static
../Core/Src/main.c:640:6:ME_mode_LED	8	static
../Core/Src/main.c:646:6:MM_mode_LED	8	static
../Core/Src/main.c:657:6:HAL_ADC_ConvCpltCallback	16	static
../Core/Src/main.c:668:6:Error_Handler	4	static,ignoring_inline_asm
