../Core/Src/main.c:197:6:HAL_UART_RxCpltCallback	16	static
../Core/Src/main.c:226:6:adc_dma_val_processing	16	static
../Core/Src/main.c:258:6:system_state_update	4	static
../Core/Src/main.c:326:6:right_button_state_update	4	static
../Core/Src/main.c:344:6:TURN_LED_ON_OFF	4	static
../Core/Src/main.c:369:6:EM_mode_Strobe	16	static
../Core/Src/main.c:391:6:convert_UART_state_params_to_Int	16	static
../Core/Src/main.c:461:6:Emergency_Mode_State_Update	8	static
../Core/Src/main.c:504:6:Mood_Mode_State_Update	4	static
../Core/Src/main.c:515:6:Request_return_system_state	16	static
../Core/Src/main.c:683:6:ascii_to_morse	216	static
../Core/Src/main.c:754:6:M_DOT	8	static
../Core/Src/main.c:768:6:M_DASH	8	static
../Core/Src/main.c:781:6:M_Space_In_Letter	8	static
../Core/Src/main.c:789:6:M_Space_between_Letter	8	static
../Core/Src/main.c:798:6:M_Space_Between_Words	8	static
../Core/Src/main.c:852:6:blinkMorseCode	24	static
../Core/Src/main.c:903:6:encodeAndBlink	24	static
../Core/Src/main.c:932:5:main	16	static
../Core/Src/main.c:1140:6:SystemClock_Config	160	static
../Core/Src/main.c:1193:13:MX_ADC1_Init	48	static
../Core/Src/main.c:1259:13:MX_I2C1_Init	8	static
../Core/Src/main.c:1307:13:MX_TIM2_Init	64	static
../Core/Src/main.c:1370:13:MX_TIM3_Init	64	static
../Core/Src/main.c:1429:13:MX_TIM4_Init	64	static
../Core/Src/main.c:1488:13:MX_USART2_UART_Init	8	static
../Core/Src/main.c:1521:13:MX_DMA_Init	16	static
../Core/Src/main.c:1539:13:MX_GPIO_Init	48	static
../Core/Src/main.c:1598:6:MF_mode_LED	8	static
../Core/Src/main.c:1605:6:ME_mode_LED	8	static
../Core/Src/main.c:1611:6:MM_mode_LED	8	static
../Core/Src/main.c:1622:6:HAL_ADC_ConvCpltCallback	16	static
../Core/Src/main.c:1633:6:Error_Handler	4	static,ignoring_inline_asm
