../Core/Src/main.c:113:6:HAL_UART_RxCpltCallback	16	static
../Core/Src/main.c:126:6:adc_dma_val_processing	16	static
../Core/Src/main.c:158:6:system_state_update	4	static
../Core/Src/main.c:179:6:right_button_state_update	4	static
../Core/Src/main.c:204:5:main	8	static
../Core/Src/main.c:354:6:SystemClock_Config	160	static
../Core/Src/main.c:404:13:MX_ADC1_Init	48	static
../Core/Src/main.c:470:13:MX_TIM2_Init	64	static
../Core/Src/main.c:529:13:MX_USART2_UART_Init	8	static
../Core/Src/main.c:562:13:MX_DMA_Init	16	static
../Core/Src/main.c:580:13:MX_GPIO_Init	48	static
../Core/Src/main.c:636:6:MF_mode_LED	8	static
../Core/Src/main.c:643:6:ME_mode_LED	8	static
../Core/Src/main.c:649:6:MM_mode_LED	8	static
../Core/Src/main.c:660:6:HAL_ADC_ConvCpltCallback	16	static
../Core/Src/main.c:671:6:Error_Handler	4	static,ignoring_inline_asm
