../Core/Src/main.c:177:6:HAL_UART_RxCpltCallback	16	static
../Core/Src/main.c:206:6:adc_dma_val_processing	16	static
../Core/Src/main.c:235:6:system_state_update	4	static
../Core/Src/main.c:296:6:right_button_state_update	4	static
../Core/Src/main.c:318:6:TURN_LED_ON_OFF	4	static
../Core/Src/main.c:336:6:EM_mode_Strobe	16	static
../Core/Src/main.c:360:6:convert_UART_state_params_to_Int	16	static
../Core/Src/main.c:425:6:Emergency_Mode_State_Update	8	static
../Core/Src/main.c:478:6:Mood_Mode_State_Update	4	static
../Core/Src/main.c:492:6:Request_return_system_state	16	static
../Core/Src/main.c:619:5:main	16	static
../Core/Src/main.c:856:6:SystemClock_Config	160	static
../Core/Src/main.c:907:13:MX_ADC1_Init	48	static
../Core/Src/main.c:973:13:MX_TIM2_Init	64	static
../Core/Src/main.c:1036:13:MX_TIM3_Init	64	static
../Core/Src/main.c:1095:13:MX_TIM4_Init	64	static
../Core/Src/main.c:1154:13:MX_USART2_UART_Init	8	static
../Core/Src/main.c:1187:13:MX_DMA_Init	16	static
../Core/Src/main.c:1205:13:MX_GPIO_Init	48	static
../Core/Src/main.c:1261:6:MF_mode_LED	8	static
../Core/Src/main.c:1268:6:ME_mode_LED	8	static
../Core/Src/main.c:1274:6:MM_mode_LED	8	static
../Core/Src/main.c:1285:6:HAL_ADC_ConvCpltCallback	16	static
../Core/Src/main.c:1296:6:Error_Handler	4	static,ignoring_inline_asm
